// Vitest Snapshot v1, https://vitest.dev/guide/snapshot.html

exports[`SelectedItemsPanel component > should render with selected items 1`] = `
<div>
  <div
    class="fixed bottom-2 left-1/2 flex flex-col items-center transform -translate-x-1/2 bg-white p-4  max-w-screen-md"
  >
    <h3
      class="font-bold text-purple-600"
    >
      Selected Items:
       
      <span
        class="text-gray-700"
      >
        3
      </span>
    </h3>
    <div
      class="flex gap-2 mt-2"
    >
      <button
        class="px-3 py-1 bg-red-100 text-red-600 rounded hover:bg-red-200 cursor-pointer"
      >
        Deselect all
      </button>
      <a
        aria-hidden="true"
        style="display: none;"
      />
      <button
        class="px-3 py-1 bg-green-100 text-green-600 rounded hover:bg-green-200 cursor-pointer"
      >
        Download
      </button>
    </div>
  </div>
</div>
`;
